------------------------------------------------------------
Timing Analyzer Summary
------------------------------------------------------------

Type  : Slow 1100mV 85C Model Setup 'fx3_virtual'
Slack : 0.529
TNS   : 0.000

Type  : Slow 1100mV 85C Model Setup 'U_nios_system|axi_ad9361_0|i_dev_if|i_rx|i_altlvds_rx|auto_generated|pll_sclk~PLL_OUTPUT_COUNTER|divclk'
Slack : 0.766
TNS   : 0.000

Type  : Slow 1100mV 85C Model Setup 'U_nios_system|axi_ad9361_0|i_dev_if|i_rx|i_altlvds_rx|auto_generated|pll_fclk~PLL_OUTPUT_COUNTER|divclk'
Slack : 0.863
TNS   : 0.000

Type  : Slow 1100mV 85C Model Setup 'adi_sclk_pin'
Slack : 2.371
TNS   : 0.000

Type  : Slow 1100mV 85C Model Setup 'U_system_pll|altera_pll_i|general[0].gpll~PLL_OUTPUT_COUNTER|divclk'
Slack : 2.711
TNS   : 0.000

Type  : Slow 1100mV 85C Model Setup 'U_fx3_pll|altera_pll_i|general[0].gpll~PLL_OUTPUT_COUNTER|divclk'
Slack : 2.735
TNS   : 0.000

Type  : Slow 1100mV 85C Model Setup 'fx3_pclk'
Slack : 4.286
TNS   : 0.000

Type  : Slow 1100mV 85C Model Setup 'c5_clock2'
Slack : 9.113
TNS   : 0.000

Type  : Slow 1100mV 85C Model Setup 'adf_sclk_pin'
Slack : 35.646
TNS   : 0.000

Type  : Slow 1100mV 85C Model Setup 'altera_reserved_tck'
Slack : 39.402
TNS   : 0.000

Type  : Slow 1100mV 85C Model Setup 'dac_sclk_pin'
Slack : 47.037
TNS   : 0.000

Type  : Slow 1100mV 85C Model Setup 'pwr_scl_pin'
Slack : 1148.680
TNS   : 0.000

Type  : Slow 1100mV 85C Model Hold 'altera_reserved_tck'
Slack : 0.191
TNS   : 0.000

Type  : Slow 1100mV 85C Model Hold 'U_system_pll|altera_pll_i|general[0].gpll~PLL_OUTPUT_COUNTER|divclk'
Slack : 0.299
TNS   : 0.000

Type  : Slow 1100mV 85C Model Hold 'U_nios_system|axi_ad9361_0|i_dev_if|i_rx|i_altlvds_rx|auto_generated|pll_sclk~PLL_OUTPUT_COUNTER|divclk'
Slack : 0.333
TNS   : 0.000

Type  : Slow 1100mV 85C Model Hold 'U_fx3_pll|altera_pll_i|general[0].gpll~PLL_OUTPUT_COUNTER|divclk'
Slack : 0.376
TNS   : 0.000

Type  : Slow 1100mV 85C Model Hold 'c5_clock2'
Slack : 0.426
TNS   : 0.000

Type  : Slow 1100mV 85C Model Hold 'fx3_pclk'
Slack : 0.490
TNS   : 0.000

Type  : Slow 1100mV 85C Model Hold 'adi_sclk_pin'
Slack : 1.771
TNS   : 0.000

Type  : Slow 1100mV 85C Model Hold 'U_nios_system|axi_ad9361_0|i_dev_if|i_rx|i_altlvds_rx|auto_generated|pll_fclk~PLL_OUTPUT_COUNTER|divclk'
Slack : 2.387
TNS   : 0.000

Type  : Slow 1100mV 85C Model Hold 'fx3_virtual'
Slack : 24.315
TNS   : 0.000

Type  : Slow 1100mV 85C Model Hold 'dac_sclk_pin'
Slack : 58.328
TNS   : 0.000

Type  : Slow 1100mV 85C Model Hold 'adf_sclk_pin'
Slack : 64.858
TNS   : 0.000

Type  : Slow 1100mV 85C Model Hold 'pwr_scl_pin'
Slack : 2149.289
TNS   : 0.000

Type  : Slow 1100mV 85C Model Recovery 'U_nios_system|axi_ad9361_0|i_dev_if|i_rx|i_altlvds_rx|auto_generated|pll_sclk~PLL_OUTPUT_COUNTER|divclk'
Slack : 3.016
TNS   : 0.000

Type  : Slow 1100mV 85C Model Recovery 'U_system_pll|altera_pll_i|general[0].gpll~PLL_OUTPUT_COUNTER|divclk'
Slack : 3.980
TNS   : 0.000

Type  : Slow 1100mV 85C Model Recovery 'U_fx3_pll|altera_pll_i|general[0].gpll~PLL_OUTPUT_COUNTER|divclk'
Slack : 5.541
TNS   : 0.000

Type  : Slow 1100mV 85C Model Recovery 'altera_reserved_tck'
Slack : 45.619
TNS   : 0.000

Type  : Slow 1100mV 85C Model Removal 'U_fx3_pll|altera_pll_i|general[0].gpll~PLL_OUTPUT_COUNTER|divclk'
Slack : 0.649
TNS   : 0.000

Type  : Slow 1100mV 85C Model Removal 'U_nios_system|axi_ad9361_0|i_dev_if|i_rx|i_altlvds_rx|auto_generated|pll_sclk~PLL_OUTPUT_COUNTER|divclk'
Slack : 0.726
TNS   : 0.000

Type  : Slow 1100mV 85C Model Removal 'altera_reserved_tck'
Slack : 1.032
TNS   : 0.000

Type  : Slow 1100mV 85C Model Removal 'U_system_pll|altera_pll_i|general[0].gpll~PLL_OUTPUT_COUNTER|divclk'
Slack : 4.139
TNS   : 0.000

Type  : Slow 1100mV 85C Model Minimum Pulse Width 'U_nios_system|axi_ad9361_0|i_dev_if|i_rx|i_altlvds_rx|auto_generated|pll_fclk~PLL_OUTPUT_COUNTER|divclk'
Slack : 0.981
TNS   : 0.000

Type  : Slow 1100mV 85C Model Minimum Pulse Width 'U_nios_system|axi_ad9361_0|i_dev_if|i_rx|i_altlvds_rx|auto_generated|pll_sclk~FRACTIONAL_PLL|vcoph[0]'
Slack : 1.000
TNS   : 0.000

Type  : Slow 1100mV 85C Model Minimum Pulse Width 'U_fx3_pll|altera_pll_i|general[0].gpll~FRACTIONAL_PLL|vcoph[0]'
Slack : 1.250
TNS   : 0.000

Type  : Slow 1100mV 85C Model Minimum Pulse Width 'U_system_pll|altera_pll_i|general[0].gpll~FRACTIONAL_PLL|vcoph[0]'
Slack : 1.562
TNS   : 0.000

Type  : Slow 1100mV 85C Model Minimum Pulse Width 'adi_rx_clock'
Slack : 1.968
TNS   : 0.000

Type  : Slow 1100mV 85C Model Minimum Pulse Width 'U_nios_system|axi_ad9361_0|i_dev_if|i_rx|i_altlvds_rx|auto_generated|pll_sclk~PLL_OUTPUT_COUNTER|divclk'
Slack : 2.355
TNS   : 0.000

Type  : Slow 1100mV 85C Model Minimum Pulse Width 'U_fx3_pll|altera_pll_i|general[0].gpll~PLL_OUTPUT_COUNTER|divclk'
Slack : 3.338
TNS   : 0.000

Type  : Slow 1100mV 85C Model Minimum Pulse Width 'fx3_pclk'
Slack : 3.973
TNS   : 0.000

Type  : Slow 1100mV 85C Model Minimum Pulse Width 'U_system_pll|altera_pll_i|general[0].gpll~PLL_OUTPUT_COUNTER|divclk'
Slack : 4.589
TNS   : 0.000

Type  : Slow 1100mV 85C Model Minimum Pulse Width 'c5_clock2'
Slack : 12.173
TNS   : 0.000

Type  : Slow 1100mV 85C Model Minimum Pulse Width 'adi_sclk_reg'
Slack : 12.277
TNS   : 0.000

Type  : Slow 1100mV 85C Model Minimum Pulse Width 'altera_reserved_tck'
Slack : 48.146
TNS   : 0.000

Type  : Slow 1100mV 85C Model Minimum Pulse Width 'peri_sclk_reg'
Slack : 61.892
TNS   : 0.000

Type  : Slow 1100mV 85C Model Minimum Pulse Width 'i2c_scl_reg'
Slack : 1249.865
TNS   : 0.000

Type  : Slow 1100mV 0C Model Setup 'fx3_virtual'
Slack : 0.611
TNS   : 0.000

Type  : Slow 1100mV 0C Model Setup 'U_nios_system|axi_ad9361_0|i_dev_if|i_rx|i_altlvds_rx|auto_generated|pll_sclk~PLL_OUTPUT_COUNTER|divclk'
Slack : 0.668
TNS   : 0.000

Type  : Slow 1100mV 0C Model Setup 'U_nios_system|axi_ad9361_0|i_dev_if|i_rx|i_altlvds_rx|auto_generated|pll_fclk~PLL_OUTPUT_COUNTER|divclk'
Slack : 1.061
TNS   : 0.000

Type  : Slow 1100mV 0C Model Setup 'U_fx3_pll|altera_pll_i|general[0].gpll~PLL_OUTPUT_COUNTER|divclk'
Slack : 2.605
TNS   : 0.000

Type  : Slow 1100mV 0C Model Setup 'U_system_pll|altera_pll_i|general[0].gpll~PLL_OUTPUT_COUNTER|divclk'
Slack : 2.665
TNS   : 0.000

Type  : Slow 1100mV 0C Model Setup 'adi_sclk_pin'
Slack : 2.773
TNS   : 0.000

Type  : Slow 1100mV 0C Model Setup 'fx3_pclk'
Slack : 4.398
TNS   : 0.000

Type  : Slow 1100mV 0C Model Setup 'c5_clock2'
Slack : 8.236
TNS   : 0.000

Type  : Slow 1100mV 0C Model Setup 'adf_sclk_pin'
Slack : 35.556
TNS   : 0.000

Type  : Slow 1100mV 0C Model Setup 'altera_reserved_tck'
Slack : 39.833
TNS   : 0.000

Type  : Slow 1100mV 0C Model Setup 'dac_sclk_pin'
Slack : 46.967
TNS   : 0.000

Type  : Slow 1100mV 0C Model Setup 'pwr_scl_pin'
Slack : 1148.625
TNS   : 0.000

Type  : Slow 1100mV 0C Model Hold 'U_nios_system|axi_ad9361_0|i_dev_if|i_rx|i_altlvds_rx|auto_generated|pll_sclk~PLL_OUTPUT_COUNTER|divclk'
Slack : 0.162
TNS   : 0.000

Type  : Slow 1100mV 0C Model Hold 'altera_reserved_tck'
Slack : 0.182
TNS   : 0.000

Type  : Slow 1100mV 0C Model Hold 'U_system_pll|altera_pll_i|general[0].gpll~PLL_OUTPUT_COUNTER|divclk'
Slack : 0.284
TNS   : 0.000

Type  : Slow 1100mV 0C Model Hold 'U_fx3_pll|altera_pll_i|general[0].gpll~PLL_OUTPUT_COUNTER|divclk'
Slack : 0.365
TNS   : 0.000

Type  : Slow 1100mV 0C Model Hold 'c5_clock2'
Slack : 0.409
TNS   : 0.000

Type  : Slow 1100mV 0C Model Hold 'fx3_pclk'
Slack : 0.511
TNS   : 0.000

Type  : Slow 1100mV 0C Model Hold 'adi_sclk_pin'
Slack : 1.571
TNS   : 0.000

Type  : Slow 1100mV 0C Model Hold 'U_nios_system|axi_ad9361_0|i_dev_if|i_rx|i_altlvds_rx|auto_generated|pll_fclk~PLL_OUTPUT_COUNTER|divclk'
Slack : 2.240
TNS   : 0.000

Type  : Slow 1100mV 0C Model Hold 'fx3_virtual'
Slack : 24.373
TNS   : 0.000

Type  : Slow 1100mV 0C Model Hold 'dac_sclk_pin'
Slack : 57.716
TNS   : 0.000

Type  : Slow 1100mV 0C Model Hold 'adf_sclk_pin'
Slack : 65.094
TNS   : 0.000

Type  : Slow 1100mV 0C Model Hold 'pwr_scl_pin'
Slack : 2149.294
TNS   : 0.000

Type  : Slow 1100mV 0C Model Recovery 'U_nios_system|axi_ad9361_0|i_dev_if|i_rx|i_altlvds_rx|auto_generated|pll_sclk~PLL_OUTPUT_COUNTER|divclk'
Slack : 3.230
TNS   : 0.000

Type  : Slow 1100mV 0C Model Recovery 'U_system_pll|altera_pll_i|general[0].gpll~PLL_OUTPUT_COUNTER|divclk'
Slack : 3.965
TNS   : 0.000

Type  : Slow 1100mV 0C Model Recovery 'U_fx3_pll|altera_pll_i|general[0].gpll~PLL_OUTPUT_COUNTER|divclk'
Slack : 5.647
TNS   : 0.000

Type  : Slow 1100mV 0C Model Recovery 'altera_reserved_tck'
Slack : 45.889
TNS   : 0.000

Type  : Slow 1100mV 0C Model Removal 'U_fx3_pll|altera_pll_i|general[0].gpll~PLL_OUTPUT_COUNTER|divclk'
Slack : 0.523
TNS   : 0.000

Type  : Slow 1100mV 0C Model Removal 'U_nios_system|axi_ad9361_0|i_dev_if|i_rx|i_altlvds_rx|auto_generated|pll_sclk~PLL_OUTPUT_COUNTER|divclk'
Slack : 0.619
TNS   : 0.000

Type  : Slow 1100mV 0C Model Removal 'altera_reserved_tck'
Slack : 0.960
TNS   : 0.000

Type  : Slow 1100mV 0C Model Removal 'U_system_pll|altera_pll_i|general[0].gpll~PLL_OUTPUT_COUNTER|divclk'
Slack : 4.160
TNS   : 0.000

Type  : Slow 1100mV 0C Model Minimum Pulse Width 'U_nios_system|axi_ad9361_0|i_dev_if|i_rx|i_altlvds_rx|auto_generated|pll_fclk~PLL_OUTPUT_COUNTER|divclk'
Slack : 0.986
TNS   : 0.000

Type  : Slow 1100mV 0C Model Minimum Pulse Width 'U_nios_system|axi_ad9361_0|i_dev_if|i_rx|i_altlvds_rx|auto_generated|pll_sclk~FRACTIONAL_PLL|vcoph[0]'
Slack : 1.000
TNS   : 0.000

Type  : Slow 1100mV 0C Model Minimum Pulse Width 'U_fx3_pll|altera_pll_i|general[0].gpll~FRACTIONAL_PLL|vcoph[0]'
Slack : 1.250
TNS   : 0.000

Type  : Slow 1100mV 0C Model Minimum Pulse Width 'U_system_pll|altera_pll_i|general[0].gpll~FRACTIONAL_PLL|vcoph[0]'
Slack : 1.562
TNS   : 0.000

Type  : Slow 1100mV 0C Model Minimum Pulse Width 'adi_rx_clock'
Slack : 1.968
TNS   : 0.000

Type  : Slow 1100mV 0C Model Minimum Pulse Width 'U_nios_system|axi_ad9361_0|i_dev_if|i_rx|i_altlvds_rx|auto_generated|pll_sclk~PLL_OUTPUT_COUNTER|divclk'
Slack : 2.312
TNS   : 0.000

Type  : Slow 1100mV 0C Model Minimum Pulse Width 'U_fx3_pll|altera_pll_i|general[0].gpll~PLL_OUTPUT_COUNTER|divclk'
Slack : 3.304
TNS   : 0.000

Type  : Slow 1100mV 0C Model Minimum Pulse Width 'fx3_pclk'
Slack : 3.858
TNS   : 0.000

Type  : Slow 1100mV 0C Model Minimum Pulse Width 'U_system_pll|altera_pll_i|general[0].gpll~PLL_OUTPUT_COUNTER|divclk'
Slack : 4.553
TNS   : 0.000

Type  : Slow 1100mV 0C Model Minimum Pulse Width 'adi_sclk_reg'
Slack : 12.131
TNS   : 0.000

Type  : Slow 1100mV 0C Model Minimum Pulse Width 'c5_clock2'
Slack : 12.293
TNS   : 0.000

Type  : Slow 1100mV 0C Model Minimum Pulse Width 'altera_reserved_tck'
Slack : 48.010
TNS   : 0.000

Type  : Slow 1100mV 0C Model Minimum Pulse Width 'peri_sclk_reg'
Slack : 61.583
TNS   : 0.000

Type  : Slow 1100mV 0C Model Minimum Pulse Width 'i2c_scl_reg'
Slack : 1249.788
TNS   : 0.000

Type  : Fast 1100mV 85C Model Setup 'U_nios_system|axi_ad9361_0|i_dev_if|i_rx|i_altlvds_rx|auto_generated|pll_sclk~PLL_OUTPUT_COUNTER|divclk'
Slack : 2.424
TNS   : 0.000

Type  : Fast 1100mV 85C Model Setup 'U_nios_system|axi_ad9361_0|i_dev_if|i_rx|i_altlvds_rx|auto_generated|pll_fclk~PLL_OUTPUT_COUNTER|divclk'
Slack : 3.820
TNS   : 0.000

Type  : Fast 1100mV 85C Model Setup 'adi_sclk_pin'
Slack : 5.463
TNS   : 0.000

Type  : Fast 1100mV 85C Model Setup 'fx3_virtual'
Slack : 6.083
TNS   : 0.000

Type  : Fast 1100mV 85C Model Setup 'U_fx3_pll|altera_pll_i|general[0].gpll~PLL_OUTPUT_COUNTER|divclk'
Slack : 6.353
TNS   : 0.000

Type  : Fast 1100mV 85C Model Setup 'fx3_pclk'
Slack : 7.677
TNS   : 0.000

Type  : Fast 1100mV 85C Model Setup 'U_system_pll|altera_pll_i|general[0].gpll~PLL_OUTPUT_COUNTER|divclk'
Slack : 7.900
TNS   : 0.000

Type  : Fast 1100mV 85C Model Setup 'c5_clock2'
Slack : 19.394
TNS   : 0.000

Type  : Fast 1100mV 85C Model Setup 'adf_sclk_pin'
Slack : 36.849
TNS   : 0.000

Type  : Fast 1100mV 85C Model Setup 'altera_reserved_tck'
Slack : 44.951
TNS   : 0.000

Type  : Fast 1100mV 85C Model Setup 'dac_sclk_pin'
Slack : 49.460
TNS   : 0.000

Type  : Fast 1100mV 85C Model Setup 'pwr_scl_pin'
Slack : 1149.039
TNS   : 0.000

Type  : Fast 1100mV 85C Model Hold 'altera_reserved_tck'
Slack : 0.023
TNS   : 0.000

Type  : Fast 1100mV 85C Model Hold 'U_system_pll|altera_pll_i|general[0].gpll~PLL_OUTPUT_COUNTER|divclk'
Slack : 0.123
TNS   : 0.000

Type  : Fast 1100mV 85C Model Hold 'U_nios_system|axi_ad9361_0|i_dev_if|i_rx|i_altlvds_rx|auto_generated|pll_sclk~PLL_OUTPUT_COUNTER|divclk'
Slack : 0.137
TNS   : 0.000

Type  : Fast 1100mV 85C Model Hold 'U_fx3_pll|altera_pll_i|general[0].gpll~PLL_OUTPUT_COUNTER|divclk'
Slack : 0.164
TNS   : 0.000

Type  : Fast 1100mV 85C Model Hold 'c5_clock2'
Slack : 0.179
TNS   : 0.000

Type  : Fast 1100mV 85C Model Hold 'fx3_pclk'
Slack : 0.181
TNS   : 0.000

Type  : Fast 1100mV 85C Model Hold 'adi_sclk_pin'
Slack : 0.934
TNS   : 0.000

Type  : Fast 1100mV 85C Model Hold 'U_nios_system|axi_ad9361_0|i_dev_if|i_rx|i_altlvds_rx|auto_generated|pll_fclk~PLL_OUTPUT_COUNTER|divclk'
Slack : 2.126
TNS   : 0.000

Type  : Fast 1100mV 85C Model Hold 'fx3_virtual'
Slack : 20.314
TNS   : 0.000

Type  : Fast 1100mV 85C Model Hold 'dac_sclk_pin'
Slack : 59.111
TNS   : 0.000

Type  : Fast 1100mV 85C Model Hold 'adf_sclk_pin'
Slack : 65.332
TNS   : 0.000

Type  : Fast 1100mV 85C Model Hold 'pwr_scl_pin'
Slack : 2149.563
TNS   : 0.000

Type  : Fast 1100mV 85C Model Recovery 'U_nios_system|axi_ad9361_0|i_dev_if|i_rx|i_altlvds_rx|auto_generated|pll_sclk~PLL_OUTPUT_COUNTER|divclk'
Slack : 5.460
TNS   : 0.000

Type  : Fast 1100mV 85C Model Recovery 'U_fx3_pll|altera_pll_i|general[0].gpll~PLL_OUTPUT_COUNTER|divclk'
Slack : 7.752
TNS   : 0.000

Type  : Fast 1100mV 85C Model Recovery 'U_system_pll|altera_pll_i|general[0].gpll~PLL_OUTPUT_COUNTER|divclk'
Slack : 8.718
TNS   : 0.000

Type  : Fast 1100mV 85C Model Recovery 'altera_reserved_tck'
Slack : 48.035
TNS   : 0.000

Type  : Fast 1100mV 85C Model Removal 'U_fx3_pll|altera_pll_i|general[0].gpll~PLL_OUTPUT_COUNTER|divclk'
Slack : 0.265
TNS   : 0.000

Type  : Fast 1100mV 85C Model Removal 'U_nios_system|axi_ad9361_0|i_dev_if|i_rx|i_altlvds_rx|auto_generated|pll_sclk~PLL_OUTPUT_COUNTER|divclk'
Slack : 0.281
TNS   : 0.000

Type  : Fast 1100mV 85C Model Removal 'altera_reserved_tck'
Slack : 0.297
TNS   : 0.000

Type  : Fast 1100mV 85C Model Removal 'U_system_pll|altera_pll_i|general[0].gpll~PLL_OUTPUT_COUNTER|divclk'
Slack : 1.882
TNS   : 0.000

Type  : Fast 1100mV 85C Model Minimum Pulse Width 'U_nios_system|axi_ad9361_0|i_dev_if|i_rx|i_altlvds_rx|auto_generated|pll_fclk~PLL_OUTPUT_COUNTER|divclk'
Slack : 0.983
TNS   : 0.000

Type  : Fast 1100mV 85C Model Minimum Pulse Width 'U_nios_system|axi_ad9361_0|i_dev_if|i_rx|i_altlvds_rx|auto_generated|pll_sclk~FRACTIONAL_PLL|vcoph[0]'
Slack : 1.000
TNS   : 0.000

Type  : Fast 1100mV 85C Model Minimum Pulse Width 'U_fx3_pll|altera_pll_i|general[0].gpll~FRACTIONAL_PLL|vcoph[0]'
Slack : 1.250
TNS   : 0.000

Type  : Fast 1100mV 85C Model Minimum Pulse Width 'U_system_pll|altera_pll_i|general[0].gpll~FRACTIONAL_PLL|vcoph[0]'
Slack : 1.562
TNS   : 0.000

Type  : Fast 1100mV 85C Model Minimum Pulse Width 'adi_rx_clock'
Slack : 1.975
TNS   : 0.000

Type  : Fast 1100mV 85C Model Minimum Pulse Width 'U_nios_system|axi_ad9361_0|i_dev_if|i_rx|i_altlvds_rx|auto_generated|pll_sclk~PLL_OUTPUT_COUNTER|divclk'
Slack : 2.862
TNS   : 0.000

Type  : Fast 1100mV 85C Model Minimum Pulse Width 'U_fx3_pll|altera_pll_i|general[0].gpll~PLL_OUTPUT_COUNTER|divclk'
Slack : 3.855
TNS   : 0.000

Type  : Fast 1100mV 85C Model Minimum Pulse Width 'fx3_pclk'
Slack : 4.465
TNS   : 0.000

Type  : Fast 1100mV 85C Model Minimum Pulse Width 'U_system_pll|altera_pll_i|general[0].gpll~PLL_OUTPUT_COUNTER|divclk'
Slack : 5.107
TNS   : 0.000

Type  : Fast 1100mV 85C Model Minimum Pulse Width 'adi_sclk_reg'
Slack : 12.100
TNS   : 0.000

Type  : Fast 1100mV 85C Model Minimum Pulse Width 'c5_clock2'
Slack : 12.138
TNS   : 0.000

Type  : Fast 1100mV 85C Model Minimum Pulse Width 'altera_reserved_tck'
Slack : 48.114
TNS   : 0.000

Type  : Fast 1100mV 85C Model Minimum Pulse Width 'peri_sclk_reg'
Slack : 61.917
TNS   : 0.000

Type  : Fast 1100mV 85C Model Minimum Pulse Width 'i2c_scl_reg'
Slack : 1249.673
TNS   : 0.000

Type  : Fast 1100mV 0C Model Setup 'U_nios_system|axi_ad9361_0|i_dev_if|i_rx|i_altlvds_rx|auto_generated|pll_sclk~PLL_OUTPUT_COUNTER|divclk'
Slack : 2.602
TNS   : 0.000

Type  : Fast 1100mV 0C Model Setup 'U_nios_system|axi_ad9361_0|i_dev_if|i_rx|i_altlvds_rx|auto_generated|pll_fclk~PLL_OUTPUT_COUNTER|divclk'
Slack : 3.951
TNS   : 0.000

Type  : Fast 1100mV 0C Model Setup 'adi_sclk_pin'
Slack : 6.106
TNS   : 0.000

Type  : Fast 1100mV 0C Model Setup 'fx3_virtual'
Slack : 6.282
TNS   : 0.000

Type  : Fast 1100mV 0C Model Setup 'U_fx3_pll|altera_pll_i|general[0].gpll~PLL_OUTPUT_COUNTER|divclk'
Slack : 6.618
TNS   : 0.000

Type  : Fast 1100mV 0C Model Setup 'fx3_pclk'
Slack : 7.860
TNS   : 0.000

Type  : Fast 1100mV 0C Model Setup 'U_system_pll|altera_pll_i|general[0].gpll~PLL_OUTPUT_COUNTER|divclk'
Slack : 8.504
TNS   : 0.000

Type  : Fast 1100mV 0C Model Setup 'c5_clock2'
Slack : 19.731
TNS   : 0.000

Type  : Fast 1100mV 0C Model Setup 'adf_sclk_pin'
Slack : 37.100
TNS   : 0.000

Type  : Fast 1100mV 0C Model Setup 'altera_reserved_tck'
Slack : 45.619
TNS   : 0.000

Type  : Fast 1100mV 0C Model Setup 'dac_sclk_pin'
Slack : 49.693
TNS   : 0.000

Type  : Fast 1100mV 0C Model Setup 'pwr_scl_pin'
Slack : 1149.119
TNS   : 0.000

Type  : Fast 1100mV 0C Model Hold 'altera_reserved_tck'
Slack : 0.011
TNS   : 0.000

Type  : Fast 1100mV 0C Model Hold 'U_nios_system|axi_ad9361_0|i_dev_if|i_rx|i_altlvds_rx|auto_generated|pll_sclk~PLL_OUTPUT_COUNTER|divclk'
Slack : 0.067
TNS   : 0.000

Type  : Fast 1100mV 0C Model Hold 'U_system_pll|altera_pll_i|general[0].gpll~PLL_OUTPUT_COUNTER|divclk'
Slack : 0.111
TNS   : 0.000

Type  : Fast 1100mV 0C Model Hold 'U_fx3_pll|altera_pll_i|general[0].gpll~PLL_OUTPUT_COUNTER|divclk'
Slack : 0.152
TNS   : 0.000

Type  : Fast 1100mV 0C Model Hold 'c5_clock2'
Slack : 0.170
TNS   : 0.000

Type  : Fast 1100mV 0C Model Hold 'fx3_pclk'
Slack : 0.173
TNS   : 0.000

Type  : Fast 1100mV 0C Model Hold 'adi_sclk_pin'
Slack : 0.744
TNS   : 0.000

Type  : Fast 1100mV 0C Model Hold 'U_nios_system|axi_ad9361_0|i_dev_if|i_rx|i_altlvds_rx|auto_generated|pll_fclk~PLL_OUTPUT_COUNTER|divclk'
Slack : 2.071
TNS   : 0.000

Type  : Fast 1100mV 0C Model Hold 'fx3_virtual'
Slack : 20.164
TNS   : 0.000

Type  : Fast 1100mV 0C Model Hold 'dac_sclk_pin'
Slack : 59.045
TNS   : 0.000

Type  : Fast 1100mV 0C Model Hold 'adf_sclk_pin'
Slack : 65.379
TNS   : 0.000

Type  : Fast 1100mV 0C Model Hold 'pwr_scl_pin'
Slack : 2149.588
TNS   : 0.000

Type  : Fast 1100mV 0C Model Recovery 'U_nios_system|axi_ad9361_0|i_dev_if|i_rx|i_altlvds_rx|auto_generated|pll_sclk~PLL_OUTPUT_COUNTER|divclk'
Slack : 5.745
TNS   : 0.000

Type  : Fast 1100mV 0C Model Recovery 'U_fx3_pll|altera_pll_i|general[0].gpll~PLL_OUTPUT_COUNTER|divclk'
Slack : 8.004
TNS   : 0.000

Type  : Fast 1100mV 0C Model Recovery 'U_system_pll|altera_pll_i|general[0].gpll~PLL_OUTPUT_COUNTER|divclk'
Slack : 8.903
TNS   : 0.000

Type  : Fast 1100mV 0C Model Recovery 'altera_reserved_tck'
Slack : 48.315
TNS   : 0.000

Type  : Fast 1100mV 0C Model Removal 'U_fx3_pll|altera_pll_i|general[0].gpll~PLL_OUTPUT_COUNTER|divclk'
Slack : 0.215
TNS   : 0.000

Type  : Fast 1100mV 0C Model Removal 'U_nios_system|axi_ad9361_0|i_dev_if|i_rx|i_altlvds_rx|auto_generated|pll_sclk~PLL_OUTPUT_COUNTER|divclk'
Slack : 0.220
TNS   : 0.000

Type  : Fast 1100mV 0C Model Removal 'altera_reserved_tck'
Slack : 0.284
TNS   : 0.000

Type  : Fast 1100mV 0C Model Removal 'U_system_pll|altera_pll_i|general[0].gpll~PLL_OUTPUT_COUNTER|divclk'
Slack : 1.784
TNS   : 0.000

Type  : Fast 1100mV 0C Model Minimum Pulse Width 'U_nios_system|axi_ad9361_0|i_dev_if|i_rx|i_altlvds_rx|auto_generated|pll_fclk~PLL_OUTPUT_COUNTER|divclk'
Slack : 0.983
TNS   : 0.000

Type  : Fast 1100mV 0C Model Minimum Pulse Width 'U_nios_system|axi_ad9361_0|i_dev_if|i_rx|i_altlvds_rx|auto_generated|pll_sclk~FRACTIONAL_PLL|vcoph[0]'
Slack : 1.000
TNS   : 0.000

Type  : Fast 1100mV 0C Model Minimum Pulse Width 'U_fx3_pll|altera_pll_i|general[0].gpll~FRACTIONAL_PLL|vcoph[0]'
Slack : 1.250
TNS   : 0.000

Type  : Fast 1100mV 0C Model Minimum Pulse Width 'U_system_pll|altera_pll_i|general[0].gpll~FRACTIONAL_PLL|vcoph[0]'
Slack : 1.562
TNS   : 0.000

Type  : Fast 1100mV 0C Model Minimum Pulse Width 'adi_rx_clock'
Slack : 1.983
TNS   : 0.000

Type  : Fast 1100mV 0C Model Minimum Pulse Width 'U_nios_system|axi_ad9361_0|i_dev_if|i_rx|i_altlvds_rx|auto_generated|pll_sclk~PLL_OUTPUT_COUNTER|divclk'
Slack : 2.865
TNS   : 0.000

Type  : Fast 1100mV 0C Model Minimum Pulse Width 'U_fx3_pll|altera_pll_i|general[0].gpll~PLL_OUTPUT_COUNTER|divclk'
Slack : 3.860
TNS   : 0.000

Type  : Fast 1100mV 0C Model Minimum Pulse Width 'fx3_pclk'
Slack : 4.466
TNS   : 0.000

Type  : Fast 1100mV 0C Model Minimum Pulse Width 'U_system_pll|altera_pll_i|general[0].gpll~PLL_OUTPUT_COUNTER|divclk'
Slack : 5.110
TNS   : 0.000

Type  : Fast 1100mV 0C Model Minimum Pulse Width 'c5_clock2'
Slack : 12.098
TNS   : 0.000

Type  : Fast 1100mV 0C Model Minimum Pulse Width 'adi_sclk_reg'
Slack : 12.118
TNS   : 0.000

Type  : Fast 1100mV 0C Model Minimum Pulse Width 'altera_reserved_tck'
Slack : 48.140
TNS   : 0.000

Type  : Fast 1100mV 0C Model Minimum Pulse Width 'peri_sclk_reg'
Slack : 61.942
TNS   : 0.000

Type  : Fast 1100mV 0C Model Minimum Pulse Width 'i2c_scl_reg'
Slack : 1249.695
TNS   : 0.000

------------------------------------------------------------
